03-01-2021 13:17:18 Test score 96.53%
